// Jest Snapshot v1, https://goo.gl/fbAQLP

exports[`<Content /> should match render snapshot 1`] = `
<div
  className="Content-container-1"
>
  <p
    className="Content-content-2"
  >
    This is your content.
  </p>
</div>
`;
